Initializing GDT...
Initializing IDT...
Initializing TSS...
Initializing memory...
Initializing timer
Initializing keyboard
Initializing serial io...
Initializing the sun...
